2026-05-02 08:25:05,659 - __main__ - INFO - Pipeline started
2026-05-02 08:25:05,659 - src.components.data_ingestion - INFO - Data loading started
2026-05-02 08:25:05,890 - src.components.data_ingestion - INFO - Data loaded successfully from artifacts\loan.csv
2026-05-02 08:25:05,890 - src.components.data_ingestion - INFO - Shape: (4269, 13)
2026-05-02 08:25:05,890 - src.components.data_ingestion - INFO - Columns: ['loan_id', 'no_of_dependents', 'education', 'self_employed', 'income_annum', 'loan_amount', 'loan_term', 'cibil_score', 'residential_assets_value', 'commercial_assets_value', 'luxury_assets_value', 'bank_asset_value', 'loan_status']
2026-05-02 08:25:05,890 - src.pipeline.data_cleaning - INFO - Data cleaning started
2026-05-02 08:25:06,011 - src.pipeline.data_cleaning - INFO - Data cleaning completed
2026-05-02 08:25:06,011 - src.pipeline.data_transformation - INFO - Data transformation started
2026-05-02 08:25:06,017 - src.pipeline.data_transformation - INFO - Encoders and feature columns saved
2026-05-02 08:25:06,060 - src.pipeline.data_transformation - INFO - Data transformation completed
2026-05-02 08:25:06,060 - src.pipeline.model_trainer - INFO - Model training started
2026-05-02 08:25:06,070 - src.pipeline.model_trainer - INFO - Training LogisticRegression
2026-05-02 08:25:06,380 - src.pipeline.model_trainer - INFO - Training RandomForest
2026-05-02 08:25:06,837 - src.pipeline.model_trainer - INFO - Training DecisionTree
2026-05-02 08:25:06,857 - src.pipeline.model_trainer - INFO - Training XGBoost
2026-05-02 08:25:07,033 - src.pipeline.model_trainer - INFO - Best baseline model: XGBoost with F1: 0.9860
2026-05-02 08:25:07,088 - src.pipeline.model_trainer - INFO - Artifacts saved (scaler, encoders, feature_columns)
2026-05-02 08:25:07,089 - __main__ - INFO - Model comparison completed
2026-05-02 08:25:07,089 - src.pipeline.model_tuner - INFO - Started XGBoost tuning
2026-05-02 08:25:09,450 - src.pipeline.model_tuner - INFO - Baseline model selected as final model
2026-05-02 08:25:09,456 - src.pipeline.model_tuner - INFO - Final model saved successfully
2026-05-02 08:25:09,457 - __main__ - INFO - Pipeline completed successfully
